{
    "trainerTable": [
        [
            false,
            false,
            false,
            false,
            false,
            false,
            false,
            false,
            false,
            false,
            false,
            false,
            false,
            false,
            false,
            false,
            false,
            false,
            false,
            false,
            false,
            false,
            false,
            false,
            false,
            false,
            false,
            false,
            false,
            false,
            false,
            false,
            false,
            true,
            true,
            true,
            true,
            true,
            true,
            true,
            false,
            true,
            true,
            true,
            true,
            true,
            true,
            true,
            true,
            false,
            true,
            true,
            false,
            true,
            true,
            false,
            false,
            false,
            true,
            true,
            true,
            true,
            false,
            true,
            false,
            false,
            true,
            false,
            true,
            false,
            false,
            false,
            true,
            false,
            true,
            true,
            false,
            true,
            true,
            true,
            true,
            true,
            false,
            false,
            false,
            false,
            true,
            false,
            false,
            true,
            true,
            true,
            true,
            false,
            true,
            false
        ],
        [
            false,
            false,
            false,
            false,
            false,
            false,
            false,
            false,
            false,
            false,
            false,
            false,
            false,
            false,
            false,
            false,
            false,
            false,
            false,
            false,
            false,
            false,
            false,
            false,
            false,
            false,
            false,
            false,
            false,
            false,
            false,
            false,
            false,
            true,
            false,
            true,
            true,
            false,
            false,
            true,
            true,
            true,
            false,
            true,
            true,
            true,
            false,
            false,
            false,
            true,
            false,
            false,
            true,
            true,
            true,
            true,
            true,
            true,
            false,
            false,
            true,
            true,
            false,
            false,
            false,
            true,
            true,
            true,
            true,
            true,
            false,
            true,
            true,
            true,
            true,
            false,
            true,
            false,
            false,
            false,
            false,
            true,
            true,
            true,
            false,
            true,
            false,
            false,
            true,
            true,
            true,
            false,
            false,
            true,
            false,
            true
        ],
        [
            false,
            false,
            false,
            false,
            false,
            false,
            false,
            false,
            false,
            false,
            false,
            false,
            false,
            false,
            false,
            false,
            false,
            false,
            false,
            false,
            false,
            false,
            false,
            false,
            false,
            false,
            false,
            false,
            false,
            false,
            false,
            false,
            false,
            true,
            false,
            true,
            true,
            true,
            false,
            true,
            false,
            false,
            true,
            false,
            true,
            false,
            true,
            false,
            true,
            true,
            false,
            false,
            false,
            false,
            true,
            true,
            false,
            false,
            true,
            true,
            true,
            false,
            false,
            true,
            false,
            true,
            false,
            false,
            false,
            true,
            false,
            false,
            true,
            false,
            true,
            true,
            true,
            true,
            false,
            false,
            false,
            false,
            false,
            false,
            true,
            false,
            true,
            false,
            false,
            false,
            false,
            false,
            false,
            true,
            true,
            false
        ],
        [
            false,
            false,
            false,
            false,
            false,
            false,
            false,
            false,
            false,
            false,
            false,
            false,
            false,
            false,
            false,
            false,
            false,
            false,
            false,
            false,
            false,
            false,
            false,
            false,
            false,
            false,
            false,
            false,
            false,
            false,
            false,
            false,
            false,
            true,
            false,
            true,
            true,
            false,
            true,
            true,
            true,
            false,
            false,
            false,
            false,
            true,
            true,
            false,
            true,
            false,
            true,
            true,
            false,
            false,
            true,
            true,
            true,
            false,
            false,
            true,
            false,
            true,
            true,
            true,
            true,
            true,
            true,
            true,
            false,
            false,
            true,
            true,
            true,
            true,
            false,
            true,
            false,
            true,
            true,
            false,
            false,
            false,
            true,
            false,
            true,
            false,
            false,
            true,
            false,
            true,
            false,
            true,
            false,
            true,
            false,
            false
        ],
        [
            false,
            false,
            false,
            false,
            false,
            false,
            false,
            false,
            false,
            false,
            false,
            false,
            false,
            false,
            false,
            false,
            false,
            false,
            false,
            false,
            false,
            false,
            false,
            false,
            false,
            false,
            false,
            false,
            false,
            false,
            false,
            false,
            false,
            false,
            true,
            true,
            false,
            true,
            false,
            false,
            true,
            false,
            false,
            false,
            true,
            false,
            true,
            true,
            false,
            false,
            true,
            false,
            true,
            false,
            false,
            true,
            false,
            false,
            false,
            false,
            false,
            false,
            true,
            false,
            true,
            false,
            true,
            false,
            true,
            false,
            true,
            false,
            true,
            false,
            true,
            false,
            true,
            true,
            false,
            true,
            true,
            false,
            true,
            false,
            true,
            true,
            false,
            false,
            true,
            true,
            true,
            false,
            true,
            true,
            true,
            true
        ],
        [
            false,
            false,
            false,
            false,
            false,
            false,
            false,
            false,
            false,
            false,
            false,
            false,
            false,
            false,
            false,
            false,
            false,
            false,
            false,
            false,
            false,
            false,
            false,
            false,
            false,
            false,
            false,
            false,
            false,
            false,
            false,
            false,
            false,
            true,
            true,
            true,
            false,
            true,
            true,
            true,
            true,
            false,
            false,
            true,
            true,
            false,
            false,
            true,
            false,
            false,
            false,
            true,
            false,
            false,
            true,
            true,
            false,
            true,
            true,
            true,
            true,
            true,
            true,
            true,
            false,
            true,
            true,
            true,
            false,
            true,
            true,
            true,
            false,
            true,
            false,
            false,
            false,
            true,
            true,
            false,
            false,
            true,
            false,
            true,
            true,
            true,
            true,
            true,
            false,
            true,
            false,
            false,
            true,
            true,
            false,
            true
        ],
        [
            false,
            false,
            false,
            false,
            false,
            false,
            false,
            false,
            false,
            false,
            false,
            false,
            false,
            false,
            false,
            false,
            false,
            false,
            false,
            false,
            false,
            false,
            false,
            false,
            false,
            false,
            false,
            false,
            false,
            false,
            false,
            false,
            false,
            true,
            true,
            false,
            false,
            false,
            false,
            true,
            false,
            true,
            false,
            true,
            true,
            true,
            false,
            true,
            false,
            true,
            true,
            true,
            false,
            false,
            true,
            true,
            false,
            true,
            true,
            true,
            false,
            true,
            true,
            true,
            true,
            true,
            false,
            true,
            true,
            true,
            false,
            true,
            false,
            false,
            false,
            false,
            false,
            false,
            true,
            false,
            true,
            true,
            true,
            false,
            true,
            true,
            false,
            false,
            true,
            false,
            false,
            true,
            false,
            false,
            true,
            true
        ]
    ],
    "athleteTables": {
        "0": [
            [
                false,
                false,
                false,
                false,
                false,
                false,
                false,
                false,
                false,
                false,
                false,
                false,
                false,
                false,
                false,
                false,
                false,
                false,
                false,
                false,
                false,
                false,
                false,
                false,
                false,
                false,
                false,
                false,
                false,
                false,
                false,
                false,
                false,
                false,
                false,
                true,
                true,
                false,
                true,
                true,
                true,
                false,
                false,
                false,
                true,
                false,
                true,
                true,
                false,
                false,
                true,
                false,
                true,
                false,
                false,
                true,
                true,
                false,
                true,
                false,
                false,
                false,
                false,
                true,
                false,
                false,
                true,
                false,
                true,
                false,
                false,
                false,
                false,
                true,
                true,
                false,
                true,
                true,
                false,
                true,
                false,
                true,
                false,
                true,
                false,
                true,
                false,
                false,
                false,
                true,
                true,
                false,
                false,
                false,
                false,
                false
            ],
            [
                false,
                false,
                false,
                false,
                false,
                false,
                false,
                false,
                false,
                false,
                false,
                false,
                false,
                false,
                false,
                false,
                false,
                false,
                false,
                false,
                false,
                false,
                false,
                false,
                false,
                false,
                false,
                false,
                false,
                false,
                false,
                false,
                false,
                false,
                true,
                true,
                false,
                true,
                true,
                false,
                false,
                true,
                true,
                true,
                false,
                true,
                false,
                false,
                true,
                false,
                false,
                false,
                true,
                true,
                false,
                false,
                true,
                false,
                true,
                true,
                true,
                false,
                false,
                false,
                true,
                true,
                false,
                true,
                true,
                false,
                true,
                true,
                true,
                true,
                false,
                false,
                false,
                false,
                false,
                true,
                true,
                true,
                false,
                true,
                false,
                false,
                false,
                true,
                false,
                true,
                false,
                false,
                true,
                false,
                false,
                false
            ],
            [
                false,
                false,
                false,
                false,
                false,
                false,
                false,
                false,
                false,
                false,
                false,
                false,
                false,
                false,
                false,
                false,
                false,
                false,
                false,
                false,
                false,
                false,
                false,
                false,
                false,
                false,
                false,
                false,
                false,
                false,
                false,
                false,
                false,
                false,
                true,
                false,
                false,
                false,
                true,
                false,
                false,
                true,
                true,
                true,
                true,
                false,
                false,
                true,
                true,
                true,
                false,
                false,
                true,
                true,
                false,
                false,
                false,
                true,
                true,
                false,
                false,
                true,
                false,
                false,
                true,
                true,
                false,
                true,
                false,
                false,
                false,
                false,
                true,
                true,
                false,
                false,
                true,
                false,
                true,
                true,
                false,
                false,
                false,
                true,
                true,
                true,
                false,
                false,
                false,
                false,
                false,
                true,
                true,
                false,
                false,
                true
            ],
            [
                false,
                false,
                false,
                false,
                false,
                false,
                false,
                false,
                false,
                false,
                false,
                false,
                false,
                false,
                false,
                false,
                false,
                false,
                false,
                false,
                false,
                false,
                false,
                false,
                false,
                false,
                false,
                false,
                false,
                false,
                false,
                false,
                false,
                false,
                true,
                false,
                true,
                false,
                true,
                false,
                true,
                true,
                false,
                false,
                true,
                false,
                true,
                false,
                true,
                false,
                false,
                true,
                true,
                false,
                false,
                true,
                true,
                false,
                true,
                false,
                false,
                true,
                false,
                false,
                false,
                true,
                true,
                false,
                true,
                true,
                true,
                true,
                false,
                false,
                true,
                false,
                false,
                true,
                true,
                false,
                false,
                true,
                false,
                true,
                false,
                false,
                true,
                true,
                true,
                false,
                false,
                true,
                false,
                true,
                true,
                true
            ],
            [
                false,
                false,
                false,
                false,
                false,
                false,
                false,
                false,
                false,
                false,
                false,
                false,
                false,
                false,
                false,
                false,
                false,
                false,
                false,
                false,
                false,
                false,
                false,
                false,
                false,
                false,
                false,
                false,
                false,
                false,
                false,
                false,
                false,
                true,
                false,
                true,
                true,
                true,
                true,
                true,
                false,
                false,
                true,
                true,
                false,
                true,
                false,
                false,
                false,
                false,
                true,
                false,
                true,
                false,
                true,
                true,
                false,
                false,
                false,
                true,
                true,
                true,
                true,
                true,
                false,
                true,
                true,
                true,
                false,
                true,
                false,
                true,
                true,
                false,
                false,
                false,
                false,
                false,
                true,
                true,
                true,
                false,
                false,
                true,
                false,
                true,
                true,
                true,
                false,
                true,
                false,
                false,
                false,
                true,
                false,
                true
            ],
            [
                false,
                false,
                false,
                false,
                false,
                false,
                false,
                false,
                false,
                false,
                false,
                false,
                false,
                false,
                false,
                false,
                false,
                false,
                false,
                false,
                false,
                false,
                false,
                false,
                false,
                false,
                false,
                false,
                false,
                false,
                false,
                false,
                false,
                true,
                true,
                true,
                true,
                true,
                true,
                false,
                false,
                true,
                false,
                false,
                false,
                false,
                true,
                true,
                true,
                false,
                true,
                true,
                false,
                true,
                false,
                true,
                false,
                false,
                false,
                false,
                true,
                false,
                false,
                false,
                false,
                false,
                true,
                false,
                false,
                false,
                true,
                false,
                true,
                false,
                false,
                false,
                true,
                false,
                true,
                false,
                true,
                false,
                true,
                true,
                false,
                true,
                true,
                true,
                false,
                false,
                false,
                false,
                true,
                true,
                true,
                false
            ],
            [
                false,
                false,
                false,
                false,
                false,
                false,
                false,
                false,
                false,
                false,
                false,
                false,
                false,
                false,
                false,
                false,
                false,
                false,
                false,
                false,
                false,
                false,
                false,
                false,
                false,
                false,
                false,
                false,
                false,
                false,
                false,
                false,
                false,
                false,
                false,
                false,
                false,
                true,
                true,
                true,
                true,
                false,
                false,
                true,
                false,
                true,
                true,
                false,
                false,
                true,
                true,
                false,
                false,
                false,
                true,
                true,
                true,
                false,
                false,
                true,
                false,
                true,
                false,
                false,
                true,
                false,
                true,
                true,
                true,
                true,
                true,
                true,
                false,
                true,
                false,
                true,
                true,
                false,
                true,
                true,
                false,
                true,
                false,
                false,
                true,
                false,
                true,
                false,
                false,
                true,
                true,
                true,
                false,
                false,
                true,
                true
            ]
        ]
    },
    "trainerId": 1337,
    "activities": [
        {
            "id": 648,
            "duration": 4,
            "intensity": 0,
            "withTrainer": true,
            "athlete": 0,
            "scheduledDay": 0,
            "scheduledStartTime": 35
        },
        {
            "id": 706,
            "duration": 4,
            "intensity": 0,
            "withTrainer": true,
            "athlete": 0,
            "scheduledDay": 1,
            "scheduledStartTime": 65
        },
        {
            "id": 930,
            "duration": 5,
            "intensity": 2,
            "withTrainer": false,
            "athlete": 0,
            "scheduledDay": 4,
            "scheduledStartTime": 35
        }
    ]
}
